
> mediot-shield@1.0.0 build
> next build

  ▲ Next.js 14.2.35

   Creating an optimized production build ...
 ✓ Compiled successfully
   Linting and checking validity of types ...

./app/analytics/page.tsx
14:3  Warning: 'Legend' is defined but never used. Allowed unused vars must match /^_/u.  @typescript-eslint/no-unused-vars
172:13  Warning: 'anomalousCount' is assigned a value but never used. Allowed unused vars must match /^_/u.  @typescript-eslint/no-unused-vars

./app/dashboard/page.tsx
13:3  Warning: 'Legend' is defined but never used. Allowed unused vars must match /^_/u.  @typescript-eslint/no-unused-vars

./components/attack-simulator.tsx
30:11  Warning: 'setAttackEvent' is assigned a value but never used. Allowed unused vars must match /^_/u.  @typescript-eslint/no-unused-vars

./components/network-attack-map.tsx
151:35  Warning: Unexpected any. Specify a different type.  @typescript-eslint/no-explicit-any
152:29  Warning: Unexpected any. Specify a different type.  @typescript-eslint/no-explicit-any
153:29  Warning: Unexpected any. Specify a different type.  @typescript-eslint/no-explicit-any
154:36  Warning: Unexpected any. Specify a different type.  @typescript-eslint/no-explicit-any
197:19  Warning: Unexpected any. Specify a different type.  @typescript-eslint/no-explicit-any

./lib/api.ts
15:7  Warning: 'API_BASE_URL' is assigned a value but never used. Allowed unused vars must match /^_/u.  @typescript-eslint/no-unused-vars
17:11  Warning: 'ApiResponse' is defined but never used. Allowed unused vars must match /^_/u.  @typescript-eslint/no-unused-vars
23:11  Warning: 'ApiError' is defined but never used. Allowed unused vars must match /^_/u.  @typescript-eslint/no-unused-vars

info  - Need to disable some ESLint rules? Learn more here: https://nextjs.org/docs/basic-features/eslint#disabling-rules
   Collecting page data ...
   Generating static pages (0/10) ...
   Generating static pages (2/10) 
   Generating static pages (4/10) 
   Generating static pages (7/10) 
 ✓ Generating static pages (10/10)
   Finalizing page optimization ...
   Collecting build traces ...

Route (app)                              Size     First Load JS
┌ ○ /                                    139 B          87.8 kB
├ ○ /_not-found                          876 B          88.5 kB
├ ○ /alerts                              10.1 kB         206 kB
├ ○ /analytics                           5.83 kB         197 kB
├ ○ /architecture                        3.76 kB        91.4 kB
├ ○ /dashboard                           4.57 kB         196 kB
├ ○ /devices                             12.3 kB         194 kB
└ ○ /security-overview                   2.33 kB        89.9 kB
+ First Load JS shared by all            87.6 kB
  ├ chunks/117-7b63b6bb29e0affe.js       31.8 kB
  ├ chunks/fd9d1056-92ee35b9ef3ab7ab.js  53.6 kB
  └ other shared chunks (total)          2.16 kB


○  (Static)  prerendered as static content

